// Jest Snapshot v1, https://goo.gl/fbAQLP

exports[`renders correctly 1`] = `
<View
  style={
    [
      {
        "alignItems": "center",
        "backgroundColor": "#ccc",
        "justifyContent": "center",
      },
      {
        "borderRadius": 70,
        "height": 70,
        "width": 70,
      },
    ]
  }
>
  <Text
    style={
      [
        {
          "color": "#fff",
          "fontWeight": "bold",
        },
        {
          "fontSize": 45,
        },
      ]
    }
  >
    J
  </Text>
</View>
`;
